// Jest Snapshot v1, https://goo.gl/fbAQLP

exports[`should render LoginPage correctly 1`] = `
<div>
  <h1>
    Login
  </h1>
  <p>
    Please log in
  </p>
  <button
    onClick={[Function]}
  >
    Login
  </button>
</div>
`;
